#
# There is insufficient memory for the Java Runtime Environment to continue.
# Native memory allocation (malloc) failed to allocate 1048576 bytes. Error detail: AllocateHeap
# Possible reasons:
#   The system is out of physical RAM or swap space
#   This process is running with CompressedOops enabled, and the Java Heap may be blocking the growth of the native heap
# Possible solutions:
#   Reduce memory load on the system
#   Increase physical memory or swap space
#   Check if swap backing store is full
#   Decrease Java heap size (-Xmx/-Xms)
#   Decrease number of Java threads
#   Decrease Java thread stack sizes (-Xss)
#   Set larger code cache with -XX:ReservedCodeCacheSize=
#   JVM is running with Unscaled Compressed Oops mode in which the Java heap is
#     placed in the first 4GB address space. The Java Heap base address is the
#     maximum limit for the native heap growth. Please use -XX:HeapBaseMinAddress
#     to set the Java Heap base and to place the Java Heap above 4GB virtual address.
# This output file may be truncated or incomplete.
#
#  Out of Memory Error (allocation.cpp:44), pid=41792, tid=33044
#
# JRE version: OpenJDK Runtime Environment Temurin-21.0.9+10 (21.0.9+10) (build 21.0.9+10-LTS)
# Java VM: OpenJDK 64-Bit Server VM Temurin-21.0.9+10 (21.0.9+10-LTS, mixed mode, sharing, tiered, compressed oops, compressed class ptrs, parallel gc, windows-amd64)
# No core dump will be written. Minidumps are not enabled by default on client versions of Windows
#

---------------  S U M M A R Y ------------

Command Line: --add-modules=ALL-SYSTEM --add-opens=java.base/java.util=ALL-UNNAMED --add-opens=java.base/java.lang=ALL-UNNAMED --add-opens=java.base/sun.nio.fs=ALL-UNNAMED -Declipse.application=org.eclipse.jdt.ls.core.id1 -Dosgi.bundles.defaultStartLevel=4 -Declipse.product=org.eclipse.jdt.ls.core.product -Djava.import.generatesMetadataFilesAtProjectRoot=false -DDetectVMInstallationsJob.disabled=true -Dfile.encoding=utf8 -XX:+UseParallelGC -XX:GCTimeRatio=4 -XX:AdaptiveSizePolicyWeight=90 -Dsun.zip.disableMemoryMapping=true -Xmx2G -Xms100m -Xlog:disable -javaagent:c:\Users\lande\.vscode\extensions\redhat.java-1.50.0-win32-x64\lombok\lombok-1.18.39-4050.jar -XX:+HeapDumpOnOutOfMemoryError -XX:HeapDumpPath=c:\Users\lande\AppData\Roaming\Code\User\workspaceStorage\d4339992cc787f1ed71e84a01fed196d\redhat.java -Daether.dependencyCollector.impl=bf c:\Users\lande\.vscode\extensions\redhat.java-1.50.0-win32-x64\server\plugins\org.eclipse.equinox.launcher_1.7.100.v20251111-0406.jar -configuration c:\Users\lande\AppData\Roaming\Code\User\globalStorage\redhat.java\1.50.0\config_win -data c:\Users\lande\AppData\Roaming\Code\User\workspaceStorage\d4339992cc787f1ed71e84a01fed196d\redhat.java\jdt_ws --pipe=\\.\pipe\lsp-ce60c40b9af6846c3ef768b132af33f3-sock

Host: AMD Ryzen 7 5800H with Radeon Graphics         , 16 cores, 7G,  Windows 11 , 64 bit Build 26100 (10.0.26100.7309)
Time: Mon Jan  5 16:45:54 2026 Hora estándar central (México) elapsed time: 17630.144418 seconds (0d 4h 53m 50s)

---------------  T H R E A D  ---------------

Current thread (0x000001f06ab2fc30):  JavaThread "Attach Listener" daemon [_thread_in_vm, id=33044, stack(0x0000005269000000,0x0000005269100000) (1024K)]

Stack: [0x0000005269000000,0x0000005269100000]
Native frames: (J=compiled Java code, j=interpreted, Vv=VM code, C=native code)
V  [jvm.dll+0x6d6e29]
V  [jvm.dll+0x8b4b76]
V  [jvm.dll+0x8b712e]
V  [jvm.dll+0x8b7813]
V  [jvm.dll+0x283d86]
V  [jvm.dll+0xc1277]
V  [jvm.dll+0x6d76d9]
V  [jvm.dll+0x133466]
V  [jvm.dll+0x3f7ea6]
V  [jvm.dll+0x85e9ad]
V  [jvm.dll+0x6d565d]
C  [ucrtbase.dll+0x37b0]
C  [KERNEL32.DLL+0x2e8d7]
C  [ntdll.dll+0x8c53c]


---------------  P R O C E S S  ---------------

Threads class SMR info:
_java_thread_list=0x000001f04ac7e3f0, length=43, elements={
0x000001f06878cb40, 0x000001f06ab29370, 0x000001f06ac4cfb0, 0x000001f06ab2bf40,
0x000001f06ab2fc30, 0x000001f06ab33df0, 0x000001f07e9169f0, 0x000001f07e91f140,
0x000001f07e921ef0, 0x000001f07e916360, 0x000001f07e918430, 0x000001f07e917080,
0x000001f07e917710, 0x000001f07e917da0, 0x000001f07e915640, 0x000001f07e915cd0,
0x000001f04a3ab260, 0x000001f04a3a9820, 0x000001f04a3a9eb0, 0x000001f04a3aed70,
0x000001f04a3ab8f0, 0x000001f04a3ae6e0, 0x000001f04a3ad9c0, 0x000001f04a3ac610,
0x000001f04a3af400, 0x000001f04a3afa90, 0x000001f04a3b0120, 0x000001f04d275830,
0x000001f04d273df0, 0x000001f04d2730d0, 0x000001f04d274480, 0x000001f04d274b10,
0x000001f04d275ec0, 0x000001f04d276550, 0x000001f04d2751a0, 0x000001f04d276be0,
0x000001f04d273760, 0x000001f04d277f90, 0x000001f04d27a6f0, 0x000001f04d277270,
0x000001f04d277900, 0x000001f04ce2f280, 0x000001f04ce2ded0
}

Java Threads: ( => current thread )
  0x000001f06878cb40 JavaThread "main"                              [_thread_blocked, id=22772, stack(0x0000005268900000,0x0000005268a00000) (1024K)]
  0x000001f06ab29370 JavaThread "Reference Handler"          daemon [_thread_blocked, id=39824, stack(0x0000005268d00000,0x0000005268e00000) (1024K)]
  0x000001f06ac4cfb0 JavaThread "Finalizer"                  daemon [_thread_blocked, id=36432, stack(0x0000005268e00000,0x0000005268f00000) (1024K)]
  0x000001f06ab2bf40 JavaThread "Signal Dispatcher"          daemon [_thread_blocked, id=23384, stack(0x0000005268f00000,0x0000005269000000) (1024K)]
=>0x000001f06ab2fc30 JavaThread "Attach Listener"            daemon [_thread_in_vm, id=33044, stack(0x0000005269000000,0x0000005269100000) (1024K)]
  0x000001f06ab33df0 JavaThread "Service Thread"             daemon [_thread_blocked, id=27580, stack(0x0000005269100000,0x0000005269200000) (1024K)]
  0x000001f07e9169f0 JavaThread "Monitor Deflation Thread"   daemon [_thread_blocked, id=37580, stack(0x0000005269200000,0x0000005269300000) (1024K)]
  0x000001f07e91f140 JavaThread "C2 CompilerThread0"         daemon [_thread_blocked, id=20100, stack(0x0000005269300000,0x0000005269400000) (1024K)]
  0x000001f07e921ef0 JavaThread "C1 CompilerThread0"         daemon [_thread_blocked, id=41544, stack(0x0000005269400000,0x0000005269500000) (1024K)]
  0x000001f07e916360 JavaThread "Common-Cleaner"             daemon [_thread_blocked, id=43208, stack(0x0000005269800000,0x0000005269900000) (1024K)]
  0x000001f07e918430 JavaThread "Notification Thread"        daemon [_thread_blocked, id=39640, stack(0x0000005269a00000,0x0000005269b00000) (1024K)]
  0x000001f07e917080 JavaThread "Active Thread: Equinox Container: 10e48e0f-5439-41a9-8a35-c41b9733bff9"        [_thread_blocked, id=9396, stack(0x000000526a100000,0x000000526a200000) (1024K)]
  0x000001f07e917710 JavaThread "Refresh Thread: Equinox Container: 10e48e0f-5439-41a9-8a35-c41b9733bff9" daemon [_thread_blocked, id=41656, stack(0x000000526a300000,0x000000526a400000) (1024K)]
  0x000001f07e917da0 JavaThread "Framework Event Dispatcher: Equinox Container: 10e48e0f-5439-41a9-8a35-c41b9733bff9" daemon [_thread_blocked, id=36040, stack(0x000000526a400000,0x000000526a500000) (1024K)]
  0x000001f07e915640 JavaThread "Start Level: Equinox Container: 10e48e0f-5439-41a9-8a35-c41b9733bff9" daemon [_thread_blocked, id=40248, stack(0x000000526a500000,0x000000526a600000) (1024K)]
  0x000001f07e915cd0 JavaThread "Bundle File Closer"         daemon [_thread_blocked, id=36620, stack(0x000000526a800000,0x000000526a900000) (1024K)]
  0x000001f04a3ab260 JavaThread "SCR Component Actor"        daemon [_thread_blocked, id=43460, stack(0x000000526a900000,0x000000526aa00000) (1024K)]
  0x000001f04a3a9820 JavaThread "Worker-JM"                         [_thread_blocked, id=43048, stack(0x000000526ac00000,0x000000526ad00000) (1024K)]
  0x000001f04a3a9eb0 JavaThread "JNA Cleaner"                daemon [_thread_blocked, id=42416, stack(0x000000526ae00000,0x000000526af00000) (1024K)]
  0x000001f04a3aed70 JavaThread "Java indexing"              daemon [_thread_blocked, id=33712, stack(0x000000526b200000,0x000000526b300000) (1024K)]
  0x000001f04a3ab8f0 JavaThread "Worker-6"                          [_thread_blocked, id=38380, stack(0x000000526b900000,0x000000526ba00000) (1024K)]
  0x000001f04a3ae6e0 JavaThread "Thread-1"                   daemon [_thread_in_native, id=40476, stack(0x000000526ba00000,0x000000526bb00000) (1024K)]
  0x000001f04a3ad9c0 JavaThread "Thread-2"                   daemon [_thread_in_native, id=36220, stack(0x000000526bb00000,0x000000526bc00000) (1024K)]
  0x000001f04a3ac610 JavaThread "Thread-3"                   daemon [_thread_in_native, id=41364, stack(0x000000526bc00000,0x000000526bd00000) (1024K)]
  0x000001f04a3af400 JavaThread "Thread-4"                   daemon [_thread_in_native, id=10700, stack(0x000000526bd00000,0x000000526be00000) (1024K)]
  0x000001f04a3afa90 JavaThread "Thread-5"                   daemon [_thread_in_native, id=16688, stack(0x000000526be00000,0x000000526bf00000) (1024K)]
  0x000001f04a3b0120 JavaThread "Thread-6"                   daemon [_thread_in_native, id=32964, stack(0x000000526bf00000,0x000000526c000000) (1024K)]
  0x000001f04d275830 JavaThread "Thread-7"                   daemon [_thread_in_native, id=43080, stack(0x000000526c000000,0x000000526c100000) (1024K)]
  0x000001f04d273df0 JavaThread "Thread-8"                   daemon [_thread_in_native, id=5940, stack(0x000000526c100000,0x000000526c200000) (1024K)]
  0x000001f04d2730d0 JavaThread "Thread-9"                   daemon [_thread_in_native, id=16460, stack(0x000000526c200000,0x000000526c300000) (1024K)]
  0x000001f04d274480 JavaThread "Thread-10"                  daemon [_thread_in_native, id=41864, stack(0x000000526c300000,0x000000526c400000) (1024K)]
  0x000001f04d274b10 JavaThread "Thread-11"                  daemon [_thread_in_native, id=41172, stack(0x000000526c400000,0x000000526c500000) (1024K)]
  0x000001f04d275ec0 JavaThread "Thread-12"                  daemon [_thread_in_native, id=37920, stack(0x000000526c500000,0x000000526c600000) (1024K)]
  0x000001f04d276550 JavaThread "Thread-13"                  daemon [_thread_in_native, id=42848, stack(0x000000526c600000,0x000000526c700000) (1024K)]
  0x000001f04d2751a0 JavaThread "Thread-14"                  daemon [_thread_in_native, id=31764, stack(0x000000526c700000,0x000000526c800000) (1024K)]
  0x000001f04d276be0 JavaThread "Thread-15"                  daemon [_thread_in_native, id=38296, stack(0x000000526c800000,0x000000526c900000) (1024K)]
  0x000001f04d273760 JavaThread "Thread-16"                  daemon [_thread_in_native, id=43572, stack(0x000000526c900000,0x000000526ca00000) (1024K)]
  0x000001f04d277f90 JavaThread "Thread-17"                  daemon [_thread_in_native, id=15960, stack(0x000000526ca00000,0x000000526cb00000) (1024K)]
  0x000001f04d27a6f0 JavaThread "pool-2-thread-1"                   [_thread_blocked, id=40608, stack(0x000000526cb00000,0x000000526cc00000) (1024K)]
  0x000001f04d277270 JavaThread "WorkspaceEventsHandler"            [_thread_blocked, id=42444, stack(0x000000526cc00000,0x000000526cd00000) (1024K)]
  0x000001f04d277900 JavaThread "pool-1-thread-1"                   [_thread_blocked, id=43160, stack(0x000000526cd00000,0x000000526ce00000) (1024K)]
  0x000001f04ce2f280 JavaThread "Cleaner-0"                  daemon [_thread_blocked, id=18728, stack(0x000000526b600000,0x000000526b700000) (1024K)]
  0x000001f04ce2ded0 JavaThread "Worker-9"                          [_thread_blocked, id=20032, stack(0x0000005268700000,0x0000005268800000) (1024K)]
Total: 43

Other Threads:
  0x000001f06ac367d0 VMThread "VM Thread"                           [id=35692, stack(0x0000005268c00000,0x0000005268d00000) (1024K)]
  0x000001f06aa1ca00 WatcherThread "VM Periodic Task Thread"        [id=35884, stack(0x0000005268b00000,0x0000005268c00000) (1024K)]
  0x000001f06abb6e20 WorkerThread "GC Thread#0"                     [id=41052, stack(0x0000005268a00000,0x0000005268b00000) (1024K)]
  0x000001f0458223d0 WorkerThread "GC Thread#1"                     [id=19588, stack(0x0000005269b00000,0x0000005269c00000) (1024K)]
  0x000001f045820c90 WorkerThread "GC Thread#2"                     [id=24556, stack(0x0000005269c00000,0x0000005269d00000) (1024K)]
  0x000001f04593aab0 WorkerThread "GC Thread#3"                     [id=41884, stack(0x0000005269d00000,0x0000005269e00000) (1024K)]
  0x000001f0456822b0 WorkerThread "GC Thread#4"                     [id=20112, stack(0x0000005269e00000,0x0000005269f00000) (1024K)]
  0x000001f045682650 WorkerThread "GC Thread#5"                     [id=43484, stack(0x0000005269f00000,0x000000526a000000) (1024K)]
  0x000001f0456829f0 WorkerThread "GC Thread#6"                     [id=28324, stack(0x000000526a000000,0x000000526a100000) (1024K)]
  0x000001f045a24e70 WorkerThread "GC Thread#7"                     [id=41344, stack(0x000000526a200000,0x000000526a300000) (1024K)]
  0x000001f04597f9b0 WorkerThread "GC Thread#8"                     [id=35336, stack(0x0000005269700000,0x0000005269800000) (1024K)]
  0x000001f04597eed0 WorkerThread "GC Thread#9"                     [id=39172, stack(0x000000526a600000,0x000000526a700000) (1024K)]
  0x000001f04597fd50 WorkerThread "GC Thread#10"                    [id=6340, stack(0x000000526a700000,0x000000526a800000) (1024K)]
  0x000001f0459800f0 WorkerThread "GC Thread#11"                    [id=43144, stack(0x000000526aa00000,0x000000526ab00000) (1024K)]
  0x000001f045980830 WorkerThread "GC Thread#12"                    [id=40664, stack(0x000000526ad00000,0x000000526ae00000) (1024K)]
Total: 15

Threads with active compile tasks:
Total: 0

VM state: not at safepoint (normal execution)

VM Mutex/Monitor currently owned by a thread: None

Heap address: 0x0000000080000000, size: 2048 MB, Compressed Oops mode: 32-bit

CDS archive(s) mapped at: [0x000001f004000000-0x000001f004ba0000-0x000001f004ba0000), size 12189696, SharedBaseAddress: 0x000001f004000000, ArchiveRelocationMode: 1.
Compressed class space mapped at: 0x000001f005000000-0x000001f045000000, reserved size: 1073741824
Narrow klass base: 0x000001f004000000, Narrow klass shift: 0, Narrow klass range: 0x100000000

GC Precious Log:
 CardTable entry size: 512
 CPUs: 16 total, 16 available
 Memory: 7528M
 Large Page Support: Disabled
 NUMA Support: Disabled
 Compressed Oops: Enabled (32-bit)
 Alignments: Space 512K, Generation 512K, Heap 2M
 Heap Min Capacity: 100M
 Heap Initial Capacity: 100M
 Heap Max Capacity: 2G
 Pre-touch: Disabled
 Parallel Workers: 13

Heap:
 PSYoungGen      total 14848K, used 14183K [0x00000000d5580000, 0x00000000d6600000, 0x0000000100000000)
  eden space 13824K, 96% used [0x00000000d5580000,0x00000000d6281d58,0x00000000d6300000)
  from space 1024K, 84% used [0x00000000d6300000,0x00000000d63d8040,0x00000000d6400000)
  to   space 1536K, 0% used [0x00000000d6480000,0x00000000d6480000,0x00000000d6600000)
 ParOldGen       total 68608K, used 59074K [0x0000000080000000, 0x0000000084300000, 0x00000000d5580000)
  object space 68608K, 86% used [0x0000000080000000,0x00000000839b0be8,0x0000000084300000)
 Metaspace       used 70954K, committed 72384K, reserved 1114112K
  class space    used 7238K, committed 7872K, reserved 1048576K

Card table byte_map: [0x000001f06a530000,0x000001f06a940000] _byte_map_base: 0x000001f06a130000

Marking Bits: (ParMarkBitMap*) 0x00007ff873d72460
 Begin Bits: [0x000001f000000000, 0x000001f002000000)
 End Bits:   [0x000001f002000000, 0x000001f004000000)

Polling page: 0x000001f068be0000

Metaspace:

Usage:
  Non-class:     62.22 MB used.
      Class:      7.07 MB used.
       Both:     69.29 MB used.

Virtual space:
  Non-class space:       64.00 MB reserved,      63.00 MB ( 98%) committed,  1 nodes.
      Class space:        1.00 GB reserved,       7.69 MB ( <1%) committed,  1 nodes.
             Both:        1.06 GB reserved,      70.69 MB (  6%) committed. 

Chunk freelists:
   Non-Class:  1.05 MB
       Class:  8.33 MB
        Both:  9.37 MB

MaxMetaspaceSize: unlimited
CompressedClassSpaceSize: 1.00 GB
Initial GC threshold: 21.00 MB
Current GC threshold: 97.31 MB
CDS: on
 - commit_granule_bytes: 65536.
 - commit_granule_words: 8192.
 - virtual_space_node_default_size: 8388608.
 - enlarge_chunks_in_place: 1.
 - use_allocation_guard: 0.


Internal statistics:

num_allocs_failed_limit: 9.
num_arena_births: 1248.
num_arena_deaths: 14.
num_vsnodes_births: 2.
num_vsnodes_deaths: 0.
num_space_committed: 1131.
num_space_uncommitted: 0.
num_chunks_returned_to_freelist: 23.
num_chunks_taken_from_freelist: 4696.
num_chunk_merges: 13.
num_chunk_splits: 2832.
num_chunks_enlarged: 1551.
num_inconsistent_stats: 0.

CodeHeap 'non-profiled nmethods': size=119168Kb used=9184Kb max_used=9184Kb free=109983Kb
 bounds [0x000001f075930000, 0x000001f076230000, 0x000001f07cd90000]
CodeHeap 'profiled nmethods': size=119104Kb used=31543Kb max_used=31543Kb free=87560Kb
 bounds [0x000001f06dd90000, 0x000001f06fc60000, 0x000001f0751e0000]
CodeHeap 'non-nmethods': size=7488Kb used=1464Kb max_used=3191Kb free=6023Kb
 bounds [0x000001f0751e0000, 0x000001f075500000, 0x000001f075930000]
CodeCache: size=245760Kb, used=42191Kb, max_used=43918Kb, free=203566Kb
 total_blobs=13938, nmethods=13156, adapters=684, full_count=0
Compilation: enabled, stopped_count=0, restarted_count=0

Compilation events (20 events):
Event: 13327.858 Thread 0x000001f07e91f140 14052       4       java.util.concurrent.locks.AbstractQueuedSynchronizer$ConditionObject::canReacquire (38 bytes)
Event: 13327.877 Thread 0x000001f07e91f140 nmethod 14052 0x000001f076222510 code [0x000001f0762226a0, 0x000001f0762227b0]
Event: 13334.006 Thread 0x000001f07e921ef0 14053       3       java.lang.ClassLoader::getBuiltinPlatformClassLoader (4 bytes)
Event: 13334.014 Thread 0x000001f07e921ef0 nmethod 14053 0x000001f06fc5d110 code [0x000001f06fc5d2c0, 0x000001f06fc5d410]
Event: 13424.026 Thread 0x000001f07e921ef0 14054       3       java.lang.ClassLoader::getPlatformClassLoader (21 bytes)
Event: 13424.038 Thread 0x000001f07e921ef0 nmethod 14054 0x000001f06fc5d490 code [0x000001f06fc5d660, 0x000001f06fc5d8f0]
Event: 13805.524 Thread 0x000001f07e91f140 14055       4       org.eclipse.core.internal.utils.StringPool::add (50 bytes)
Event: 13805.534 Thread 0x000001f07e921ef0 14056       1       org.eclipse.core.runtime.jobs.Job::shouldSchedule (2 bytes)
Event: 13805.544 Thread 0x000001f07e921ef0 nmethod 14056 0x000001f076222890 code [0x000001f076222a20, 0x000001f076222ae8]
Event: 13805.630 Thread 0x000001f07e91f140 nmethod 14055 0x000001f076222b90 code [0x000001f076222dc0, 0x000001f076223670]
Event: 14705.679 Thread 0x000001f07e91f140 14057       4       org.eclipse.core.internal.dtree.AbstractDataTreeNode::storeStrings (42 bytes)
Event: 14706.009 Thread 0x000001f07e91f140 nmethod 14057 0x000001f076223e10 code [0x000001f0762241c0, 0x000001f076225d20]
Event: 14706.010 Thread 0x000001f07e91f140 14058       4       org.eclipse.core.internal.dtree.DataTreeNode::storeStrings (28 bytes)
Event: 14706.014 Thread 0x000001f07e91f140 nmethod 14058 0x000001f076227290 code [0x000001f076227460, 0x000001f0762276e0]
Event: 16505.800 Thread 0x000001f07e921ef0 14059       1       org.eclipse.core.runtime.jobs.Job::belongsTo (2 bytes)
Event: 16505.811 Thread 0x000001f07e921ef0 nmethod 14059 0x000001f076227910 code [0x000001f076227aa0, 0x000001f076227b68]
Event: 16569.082 Thread 0x000001f07e91f140 14060       4       java.util.concurrent.TimeUnit::convert (73 bytes)
Event: 16569.203 Thread 0x000001f07e91f140 nmethod 14060 0x000001f076227c10 code [0x000001f076227dc0, 0x000001f076227f50]
Event: 17405.932 Thread 0x000001f07e921ef0 14061       3       org.eclipse.core.internal.jobs.InternalJob::remove (48 bytes)
Event: 17405.944 Thread 0x000001f07e921ef0 nmethod 14061 0x000001f06fc5da10 code [0x000001f06fc5dbc0, 0x000001f06fc5ddd8]

GC Heap History (20 events):
Event: 9157.367 GC heap before
{Heap before GC invocations=47 (full 3):
 PSYoungGen      total 17408K, used 17376K [0x00000000d5580000, 0x00000000d6880000, 0x0000000100000000)
  eden space 16384K, 100% used [0x00000000d5580000,0x00000000d6580000,0x00000000d6580000)
  from space 1024K, 96% used [0x00000000d6600000,0x00000000d66f8000,0x00000000d6700000)
  to   space 1536K, 0% used [0x00000000d6700000,0x00000000d6700000,0x00000000d6880000)
 ParOldGen       total 68608K, used 53535K [0x0000000080000000, 0x0000000084300000, 0x00000000d5580000)
  object space 68608K, 78% used [0x0000000080000000,0x0000000083447c88,0x0000000084300000)
 Metaspace       used 67670K, committed 69184K, reserved 1114112K
  class space    used 7005K, committed 7616K, reserved 1048576K
}
Event: 9157.369 GC heap after
{Heap after GC invocations=47 (full 3):
 PSYoungGen      total 17408K, used 736K [0x00000000d5580000, 0x00000000d6800000, 0x0000000100000000)
  eden space 16384K, 0% used [0x00000000d5580000,0x00000000d5580000,0x00000000d6580000)
  from space 1024K, 71% used [0x00000000d6700000,0x00000000d67b8000,0x00000000d6800000)
  to   space 1024K, 0% used [0x00000000d6600000,0x00000000d6600000,0x00000000d6700000)
 ParOldGen       total 68608K, used 53935K [0x0000000080000000, 0x0000000084300000, 0x00000000d5580000)
  object space 68608K, 78% used [0x0000000080000000,0x00000000834abc88,0x0000000084300000)
 Metaspace       used 67670K, committed 69184K, reserved 1114112K
  class space    used 7005K, committed 7616K, reserved 1048576K
}
Event: 9157.568 GC heap before
{Heap before GC invocations=48 (full 3):
 PSYoungGen      total 17408K, used 17088K [0x00000000d5580000, 0x00000000d6800000, 0x0000000100000000)
  eden space 16384K, 99% used [0x00000000d5580000,0x00000000d6578018,0x00000000d6580000)
  from space 1024K, 71% used [0x00000000d6700000,0x00000000d67b8000,0x00000000d6800000)
  to   space 1024K, 0% used [0x00000000d6600000,0x00000000d6600000,0x00000000d6700000)
 ParOldGen       total 68608K, used 53935K [0x0000000080000000, 0x0000000084300000, 0x00000000d5580000)
  object space 68608K, 78% used [0x0000000080000000,0x00000000834abc88,0x0000000084300000)
 Metaspace       used 68064K, committed 69568K, reserved 1114112K
  class space    used 7038K, committed 7680K, reserved 1048576K
}
Event: 9157.572 GC heap after
{Heap after GC invocations=48 (full 3):
 PSYoungGen      total 17408K, used 576K [0x00000000d5580000, 0x00000000d6780000, 0x0000000100000000)
  eden space 16384K, 0% used [0x00000000d5580000,0x00000000d5580000,0x00000000d6580000)
  from space 1024K, 56% used [0x00000000d6600000,0x00000000d6690000,0x00000000d6700000)
  to   space 512K, 0% used [0x00000000d6700000,0x00000000d6700000,0x00000000d6780000)
 ParOldGen       total 68608K, used 54095K [0x0000000080000000, 0x0000000084300000, 0x00000000d5580000)
  object space 68608K, 78% used [0x0000000080000000,0x00000000834d3c88,0x0000000084300000)
 Metaspace       used 68064K, committed 69568K, reserved 1114112K
  class space    used 7038K, committed 7680K, reserved 1048576K
}
Event: 11124.651 GC heap before
{Heap before GC invocations=49 (full 3):
 PSYoungGen      total 17408K, used 16960K [0x00000000d5580000, 0x00000000d6780000, 0x0000000100000000)
  eden space 16384K, 100% used [0x00000000d5580000,0x00000000d6580000,0x00000000d6580000)
  from space 1024K, 56% used [0x00000000d6600000,0x00000000d6690000,0x00000000d6700000)
  to   space 512K, 0% used [0x00000000d6700000,0x00000000d6700000,0x00000000d6780000)
 ParOldGen       total 68608K, used 54095K [0x0000000080000000, 0x0000000084300000, 0x00000000d5580000)
  object space 68608K, 78% used [0x0000000080000000,0x00000000834d3c88,0x0000000084300000)
 Metaspace       used 68319K, committed 69824K, reserved 1114112K
  class space    used 7041K, committed 7680K, reserved 1048576K
}
Event: 11124.684 GC heap after
{Heap after GC invocations=49 (full 3):
 PSYoungGen      total 15872K, used 480K [0x00000000d5580000, 0x00000000d6a80000, 0x0000000100000000)
  eden space 15360K, 0% used [0x00000000d5580000,0x00000000d5580000,0x00000000d6480000)
  from space 512K, 93% used [0x00000000d6700000,0x00000000d6778040,0x00000000d6780000)
  to   space 2560K, 0% used [0x00000000d6480000,0x00000000d6480000,0x00000000d6700000)
 ParOldGen       total 68608K, used 55649K [0x0000000080000000, 0x0000000084300000, 0x00000000d5580000)
  object space 68608K, 81% used [0x0000000080000000,0x00000000836587c8,0x0000000084300000)
 Metaspace       used 68319K, committed 69824K, reserved 1114112K
  class space    used 7041K, committed 7680K, reserved 1048576K
}
Event: 11125.573 GC heap before
{Heap before GC invocations=50 (full 3):
 PSYoungGen      total 15872K, used 15840K [0x00000000d5580000, 0x00000000d6a80000, 0x0000000100000000)
  eden space 15360K, 100% used [0x00000000d5580000,0x00000000d6480000,0x00000000d6480000)
  from space 512K, 93% used [0x00000000d6700000,0x00000000d6778040,0x00000000d6780000)
  to   space 2560K, 0% used [0x00000000d6480000,0x00000000d6480000,0x00000000d6700000)
 ParOldGen       total 68608K, used 55649K [0x0000000080000000, 0x0000000084300000, 0x00000000d5580000)
  object space 68608K, 81% used [0x0000000080000000,0x00000000836587c8,0x0000000084300000)
 Metaspace       used 68526K, committed 70016K, reserved 1114112K
  class space    used 7041K, committed 7680K, reserved 1048576K
}
Event: 11125.591 GC heap after
{Heap after GC invocations=50 (full 3):
 PSYoungGen      total 16384K, used 1008K [0x00000000d5580000, 0x00000000d6780000, 0x0000000100000000)
  eden space 15360K, 0% used [0x00000000d5580000,0x00000000d5580000,0x00000000d6480000)
  from space 1024K, 98% used [0x00000000d6480000,0x00000000d657c030,0x00000000d6580000)
  to   space 1536K, 0% used [0x00000000d6600000,0x00000000d6600000,0x00000000d6780000)
 ParOldGen       total 68608K, used 56067K [0x0000000080000000, 0x0000000084300000, 0x00000000d5580000)
  object space 68608K, 81% used [0x0000000080000000,0x00000000836c0e68,0x0000000084300000)
 Metaspace       used 68526K, committed 70016K, reserved 1114112K
  class space    used 7041K, committed 7680K, reserved 1048576K
}
Event: 11598.442 GC heap before
{Heap before GC invocations=51 (full 3):
 PSYoungGen      total 16384K, used 16368K [0x00000000d5580000, 0x00000000d6780000, 0x0000000100000000)
  eden space 15360K, 100% used [0x00000000d5580000,0x00000000d6480000,0x00000000d6480000)
  from space 1024K, 98% used [0x00000000d6480000,0x00000000d657c030,0x00000000d6580000)
  to   space 1536K, 0% used [0x00000000d6600000,0x00000000d6600000,0x00000000d6780000)
 ParOldGen       total 68608K, used 56067K [0x0000000080000000, 0x0000000084300000, 0x00000000d5580000)
  object space 68608K, 81% used [0x0000000080000000,0x00000000836c0e68,0x0000000084300000)
 Metaspace       used 68771K, committed 70208K, reserved 1114112K
  class space    used 7050K, committed 7680K, reserved 1048576K
}
Event: 11598.474 GC heap after
{Heap after GC invocations=51 (full 3):
 PSYoungGen      total 16896K, used 1072K [0x00000000d5580000, 0x00000000d6780000, 0x0000000100000000)
  eden space 15360K, 0% used [0x00000000d5580000,0x00000000d5580000,0x00000000d6480000)
  from space 1536K, 69% used [0x00000000d6600000,0x00000000d670c030,0x00000000d6780000)
  to   space 1536K, 0% used [0x00000000d6480000,0x00000000d6480000,0x00000000d6600000)
 ParOldGen       total 68608K, used 56331K [0x0000000080000000, 0x0000000084300000, 0x00000000d5580000)
  object space 68608K, 82% used [0x0000000080000000,0x0000000083702e88,0x0000000084300000)
 Metaspace       used 68771K, committed 70208K, reserved 1114112K
  class space    used 7050K, committed 7680K, reserved 1048576K
}
Event: 11598.961 GC heap before
{Heap before GC invocations=52 (full 3):
 PSYoungGen      total 16896K, used 16432K [0x00000000d5580000, 0x00000000d6780000, 0x0000000100000000)
  eden space 15360K, 100% used [0x00000000d5580000,0x00000000d6480000,0x00000000d6480000)
  from space 1536K, 69% used [0x00000000d6600000,0x00000000d670c030,0x00000000d6780000)
  to   space 1536K, 0% used [0x00000000d6480000,0x00000000d6480000,0x00000000d6600000)
 ParOldGen       total 68608K, used 56331K [0x0000000080000000, 0x0000000084300000, 0x00000000d5580000)
  object space 68608K, 82% used [0x0000000080000000,0x0000000083702e88,0x0000000084300000)
 Metaspace       used 68996K, committed 70400K, reserved 1114112K
  class space    used 7060K, committed 7680K, reserved 1048576K
}
Event: 11598.965 GC heap after
{Heap after GC invocations=52 (full 3):
 PSYoungGen      total 16384K, used 672K [0x00000000d5580000, 0x00000000d6680000, 0x0000000100000000)
  eden space 15360K, 0% used [0x00000000d5580000,0x00000000d5580000,0x00000000d6480000)
  from space 1024K, 65% used [0x00000000d6480000,0x00000000d6528020,0x00000000d6580000)
  to   space 1024K, 0% used [0x00000000d6580000,0x00000000d6580000,0x00000000d6680000)
 ParOldGen       total 68608K, used 56507K [0x0000000080000000, 0x0000000084300000, 0x00000000d5580000)
  object space 68608K, 82% used [0x0000000080000000,0x000000008372eea8,0x0000000084300000)
 Metaspace       used 68996K, committed 70400K, reserved 1114112K
  class space    used 7060K, committed 7680K, reserved 1048576K
}
Event: 11602.889 GC heap before
{Heap before GC invocations=53 (full 3):
 PSYoungGen      total 16384K, used 16031K [0x00000000d5580000, 0x00000000d6680000, 0x0000000100000000)
  eden space 15360K, 99% used [0x00000000d5580000,0x00000000d647ffb8,0x00000000d6480000)
  from space 1024K, 65% used [0x00000000d6480000,0x00000000d6528020,0x00000000d6580000)
  to   space 1024K, 0% used [0x00000000d6580000,0x00000000d6580000,0x00000000d6680000)
 ParOldGen       total 68608K, used 56507K [0x0000000080000000, 0x0000000084300000, 0x00000000d5580000)
  object space 68608K, 82% used [0x0000000080000000,0x000000008372eea8,0x0000000084300000)
 Metaspace       used 69715K, committed 71168K, reserved 1114112K
  class space    used 7151K, committed 7808K, reserved 1048576K
}
Event: 11602.895 GC heap after
{Heap after GC invocations=53 (full 3):
 PSYoungGen      total 16384K, used 762K [0x00000000d5580000, 0x00000000d6680000, 0x0000000100000000)
  eden space 15360K, 0% used [0x00000000d5580000,0x00000000d5580000,0x00000000d6480000)
  from space 1024K, 74% used [0x00000000d6580000,0x00000000d663e920,0x00000000d6680000)
  to   space 1024K, 0% used [0x00000000d6480000,0x00000000d6480000,0x00000000d6580000)
 ParOldGen       total 68608K, used 56873K [0x0000000080000000, 0x0000000084300000, 0x00000000d5580000)
  object space 68608K, 82% used [0x0000000080000000,0x000000008378a558,0x0000000084300000)
 Metaspace       used 69715K, committed 71168K, reserved 1114112K
  class space    used 7151K, committed 7808K, reserved 1048576K
}
Event: 11603.377 GC heap before
{Heap before GC invocations=54 (full 3):
 PSYoungGen      total 16384K, used 16122K [0x00000000d5580000, 0x00000000d6680000, 0x0000000100000000)
  eden space 15360K, 100% used [0x00000000d5580000,0x00000000d6480000,0x00000000d6480000)
  from space 1024K, 74% used [0x00000000d6580000,0x00000000d663e920,0x00000000d6680000)
  to   space 1024K, 0% used [0x00000000d6480000,0x00000000d6480000,0x00000000d6580000)
 ParOldGen       total 68608K, used 56873K [0x0000000080000000, 0x0000000084300000, 0x00000000d5580000)
  object space 68608K, 82% used [0x0000000080000000,0x000000008378a558,0x0000000084300000)
 Metaspace       used 70255K, committed 71744K, reserved 1114112K
  class space    used 7180K, committed 7808K, reserved 1048576K
}
Event: 11603.379 GC heap after
{Heap after GC invocations=54 (full 3):
 PSYoungGen      total 16384K, used 512K [0x00000000d5580000, 0x00000000d6680000, 0x0000000100000000)
  eden space 15360K, 0% used [0x00000000d5580000,0x00000000d5580000,0x00000000d6480000)
  from space 1024K, 50% used [0x00000000d6480000,0x00000000d6500000,0x00000000d6580000)
  to   space 1024K, 0% used [0x00000000d6580000,0x00000000d6580000,0x00000000d6680000)
 ParOldGen       total 68608K, used 57267K [0x0000000080000000, 0x0000000084300000, 0x00000000d5580000)
  object space 68608K, 83% used [0x0000000080000000,0x00000000837ece78,0x0000000084300000)
 Metaspace       used 70255K, committed 71744K, reserved 1114112K
  class space    used 7180K, committed 7808K, reserved 1048576K
}
Event: 11605.134 GC heap before
{Heap before GC invocations=55 (full 3):
 PSYoungGen      total 16384K, used 15872K [0x00000000d5580000, 0x00000000d6680000, 0x0000000100000000)
  eden space 15360K, 100% used [0x00000000d5580000,0x00000000d6480000,0x00000000d6480000)
  from space 1024K, 50% used [0x00000000d6480000,0x00000000d6500000,0x00000000d6580000)
  to   space 1024K, 0% used [0x00000000d6580000,0x00000000d6580000,0x00000000d6680000)
 ParOldGen       total 68608K, used 57267K [0x0000000080000000, 0x0000000084300000, 0x00000000d5580000)
  object space 68608K, 83% used [0x0000000080000000,0x00000000837ece78,0x0000000084300000)
 Metaspace       used 70595K, committed 72064K, reserved 1114112K
  class space    used 7212K, committed 7808K, reserved 1048576K
}
Event: 11605.139 GC heap after
{Heap after GC invocations=55 (full 3):
 PSYoungGen      total 14848K, used 1024K [0x00000000d5580000, 0x00000000d6980000, 0x0000000100000000)
  eden space 13824K, 0% used [0x00000000d5580000,0x00000000d5580000,0x00000000d6300000)
  from space 1024K, 100% used [0x00000000d6580000,0x00000000d6680000,0x00000000d6680000)
  to   space 2560K, 0% used [0x00000000d6300000,0x00000000d6300000,0x00000000d6580000)
 ParOldGen       total 68608K, used 58156K [0x0000000080000000, 0x0000000084300000, 0x00000000d5580000)
  object space 68608K, 84% used [0x0000000080000000,0x00000000838cb2e0,0x0000000084300000)
 Metaspace       used 70595K, committed 72064K, reserved 1114112K
  class space    used 7212K, committed 7808K, reserved 1048576K
}
Event: 11856.082 GC heap before
{Heap before GC invocations=56 (full 3):
 PSYoungGen      total 14848K, used 14848K [0x00000000d5580000, 0x00000000d6980000, 0x0000000100000000)
  eden space 13824K, 100% used [0x00000000d5580000,0x00000000d6300000,0x00000000d6300000)
  from space 1024K, 100% used [0x00000000d6580000,0x00000000d6680000,0x00000000d6680000)
  to   space 2560K, 0% used [0x00000000d6300000,0x00000000d6300000,0x00000000d6580000)
 ParOldGen       total 68608K, used 58156K [0x0000000080000000, 0x0000000084300000, 0x00000000d5580000)
  object space 68608K, 84% used [0x0000000080000000,0x00000000838cb2e0,0x0000000084300000)
 Metaspace       used 70779K, committed 72192K, reserved 1114112K
  class space    used 7230K, committed 7872K, reserved 1048576K
}
Event: 11856.190 GC heap after
{Heap after GC invocations=56 (full 3):
 PSYoungGen      total 14848K, used 864K [0x00000000d5580000, 0x00000000d6600000, 0x0000000100000000)
  eden space 13824K, 0% used [0x00000000d5580000,0x00000000d5580000,0x00000000d6300000)
  from space 1024K, 84% used [0x00000000d6300000,0x00000000d63d8040,0x00000000d6400000)
  to   space 1536K, 0% used [0x00000000d6480000,0x00000000d6480000,0x00000000d6600000)
 ParOldGen       total 68608K, used 59074K [0x0000000080000000, 0x0000000084300000, 0x00000000d5580000)
  object space 68608K, 86% used [0x0000000080000000,0x00000000839b0be8,0x0000000084300000)
 Metaspace       used 70779K, committed 72192K, reserved 1114112K
  class space    used 7230K, committed 7872K, reserved 1048576K
}

Dll operation events (10 events):
Event: 0.028 Loaded shared library c:\Users\lande\.vscode\extensions\redhat.java-1.50.0-win32-x64\jre\21.0.9-win32-x86_64\bin\java.dll
Event: 0.112 Loaded shared library c:\Users\lande\.vscode\extensions\redhat.java-1.50.0-win32-x64\jre\21.0.9-win32-x86_64\bin\zip.dll
Event: 0.142 Loaded shared library C:\Users\lande\.vscode\extensions\redhat.java-1.50.0-win32-x64\jre\21.0.9-win32-x86_64\bin\instrument.dll
Event: 0.151 Loaded shared library C:\Users\lande\.vscode\extensions\redhat.java-1.50.0-win32-x64\jre\21.0.9-win32-x86_64\bin\net.dll
Event: 0.155 Loaded shared library C:\Users\lande\.vscode\extensions\redhat.java-1.50.0-win32-x64\jre\21.0.9-win32-x86_64\bin\nio.dll
Event: 0.160 Loaded shared library C:\Users\lande\.vscode\extensions\redhat.java-1.50.0-win32-x64\jre\21.0.9-win32-x86_64\bin\zip.dll
Event: 0.193 Loaded shared library C:\Users\lande\.vscode\extensions\redhat.java-1.50.0-win32-x64\jre\21.0.9-win32-x86_64\bin\jimage.dll
Event: 0.298 Loaded shared library c:\Users\lande\.vscode\extensions\redhat.java-1.50.0-win32-x64\jre\21.0.9-win32-x86_64\bin\verify.dll
Event: 1.730 Loaded shared library C:\Users\lande\AppData\Roaming\Code\User\globalStorage\redhat.java\1.50.0\config_win\org.eclipse.equinox.launcher\org.eclipse.equinox.launcher.win32.win32.x86_64_1.2.1400.v20250801-0854\eclipse_11916.dll
Event: 3.799 Loaded shared library C:\Users\lande\AppData\Local\Temp\jna-102738906\jna14065966937668460166.dll

Deoptimization events (20 events):
Event: 11905.354 Thread 0x000001f04a3ab8f0 Uncommon trap: trap_request=0xffffffc6 fr.pc=0x000001f07620ec80 relative=0x00000000000011c0
Event: 11905.354 Thread 0x000001f04a3ab8f0 Uncommon trap: reason=bimorphic_or_optimized_type_check action=maybe_recompile pc=0x000001f07620ec80 method=org.eclipse.core.internal.watson.ElementTreeIterator.doIteration(Lorg/eclipse/core/internal/dtree/DataTreeNode;Lorg/eclipse/core/internal/watson/IE
Event: 11905.354 Thread 0x000001f04a3ab8f0 DEOPT PACKING pc=0x000001f07620ec80 sp=0x000000526b9ff170
Event: 11905.355 Thread 0x000001f04a3ab8f0 DEOPT UNPACKING pc=0x000001f075233aa2 sp=0x000000526b9ff170 mode 2
Event: 11905.356 Thread 0x000001f04a3ab8f0 Uncommon trap: trap_request=0xffffffc6 fr.pc=0x000001f07620ec80 relative=0x00000000000011c0
Event: 11905.356 Thread 0x000001f04a3ab8f0 Uncommon trap: reason=bimorphic_or_optimized_type_check action=maybe_recompile pc=0x000001f07620ec80 method=org.eclipse.core.internal.watson.ElementTreeIterator.doIteration(Lorg/eclipse/core/internal/dtree/DataTreeNode;Lorg/eclipse/core/internal/watson/IE
Event: 11905.356 Thread 0x000001f04a3ab8f0 DEOPT PACKING pc=0x000001f07620ec80 sp=0x000000526b9ff0e0
Event: 11905.356 Thread 0x000001f04a3ab8f0 DEOPT UNPACKING pc=0x000001f075233aa2 sp=0x000000526b9ff0e0 mode 2
Event: 11905.356 Thread 0x000001f04a3ab8f0 Uncommon trap: trap_request=0xffffffc6 fr.pc=0x000001f07620ec80 relative=0x00000000000011c0
Event: 11905.356 Thread 0x000001f04a3ab8f0 Uncommon trap: reason=bimorphic_or_optimized_type_check action=maybe_recompile pc=0x000001f07620ec80 method=org.eclipse.core.internal.watson.ElementTreeIterator.doIteration(Lorg/eclipse/core/internal/dtree/DataTreeNode;Lorg/eclipse/core/internal/watson/IE
Event: 11905.356 Thread 0x000001f04a3ab8f0 DEOPT PACKING pc=0x000001f07620ec80 sp=0x000000526b9ff0e0
Event: 11905.356 Thread 0x000001f04a3ab8f0 DEOPT UNPACKING pc=0x000001f075233aa2 sp=0x000000526b9ff0e0 mode 2
Event: 11905.356 Thread 0x000001f04a3ab8f0 Uncommon trap: trap_request=0xffffffc6 fr.pc=0x000001f07620ec80 relative=0x00000000000011c0
Event: 11905.356 Thread 0x000001f04a3ab8f0 Uncommon trap: reason=bimorphic_or_optimized_type_check action=maybe_recompile pc=0x000001f07620ec80 method=org.eclipse.core.internal.watson.ElementTreeIterator.doIteration(Lorg/eclipse/core/internal/dtree/DataTreeNode;Lorg/eclipse/core/internal/watson/IE
Event: 11905.356 Thread 0x000001f04a3ab8f0 DEOPT PACKING pc=0x000001f07620ec80 sp=0x000000526b9ff0e0
Event: 11905.356 Thread 0x000001f04a3ab8f0 DEOPT UNPACKING pc=0x000001f075233aa2 sp=0x000000526b9ff0e0 mode 2
Event: 11913.988 Thread 0x000001f04d277270 Uncommon trap: trap_request=0xfffffff4 fr.pc=0x000001f075f67ae0 relative=0x0000000000000be0
Event: 11913.988 Thread 0x000001f04d277270 Uncommon trap: reason=null_check action=make_not_entrant pc=0x000001f075f67ae0 method=org.eclipse.jdt.internal.core.PackageFragment.equals(Ljava/lang/Object;)Z @ 8 c2
Event: 11913.989 Thread 0x000001f04d277270 DEOPT PACKING pc=0x000001f075f67ae0 sp=0x000000526ccfe1f0
Event: 11913.989 Thread 0x000001f04d277270 DEOPT UNPACKING pc=0x000001f075233aa2 sp=0x000000526ccfe198 mode 2

Classes loaded (20 events):
Event: 9157.139 Loading class java/util/stream/DistinctOps$1
Event: 9157.140 Loading class java/util/stream/DistinctOps$1 done
Event: 9157.143 Loading class java/util/stream/DistinctOps$1$2
Event: 9157.145 Loading class java/util/stream/DistinctOps$1$2 done
Event: 9157.492 Loading class java/io/Console
Event: 9157.496 Loading class java/io/Console done
Event: 9157.507 Loading class javax/net/ssl/SSLServerSocketFactory
Event: 9157.511 Loading class javax/net/ServerSocketFactory
Event: 9157.512 Loading class javax/net/ServerSocketFactory done
Event: 9157.512 Loading class javax/net/ssl/SSLServerSocketFactory done
Event: 9157.513 Loading class java/net/ServerSocket
Event: 9157.516 Loading class java/net/ServerSocket done
Event: 9157.518 Loading class java/net/Socket
Event: 9157.521 Loading class java/net/Socket done
Event: 9157.522 Loading class java/net/SocketOption
Event: 9157.522 Loading class java/net/SocketOption done
Event: 9157.524 Loading class java/net/SocketImplFactory
Event: 9157.525 Loading class java/net/SocketImplFactory done
Event: 9157.551 Loading class java/util/HashMap$EntrySpliterator
Event: 9157.552 Loading class java/util/HashMap$EntrySpliterator done

Classes unloaded (7 events):
Event: 4.304 Thread 0x000001f06ac367d0 Unloading class 0x000001f0051a9000 'java/lang/invoke/LambdaForm$MH+0x000001f0051a9000'
Event: 4.304 Thread 0x000001f06ac367d0 Unloading class 0x000001f0051a8c00 'java/lang/invoke/LambdaForm$MH+0x000001f0051a8c00'
Event: 4.304 Thread 0x000001f06ac367d0 Unloading class 0x000001f0051a8800 'java/lang/invoke/LambdaForm$MH+0x000001f0051a8800'
Event: 4.304 Thread 0x000001f06ac367d0 Unloading class 0x000001f0051a8400 'java/lang/invoke/LambdaForm$MH+0x000001f0051a8400'
Event: 4.304 Thread 0x000001f06ac367d0 Unloading class 0x000001f0051a8000 'java/lang/invoke/LambdaForm$BMH+0x000001f0051a8000'
Event: 4.304 Thread 0x000001f06ac367d0 Unloading class 0x000001f0051a7c00 'java/lang/invoke/LambdaForm$DMH+0x000001f0051a7c00'
Event: 4.304 Thread 0x000001f06ac367d0 Unloading class 0x000001f0051a6800 'java/lang/invoke/LambdaForm$DMH+0x000001f0051a6800'

Classes redefined (0 events):
No events

Internal exceptions (20 events):
Event: 11606.627 Thread 0x000001f04ce2ded0 Exception <a 'java/lang/NullPointerException'{0x00000000d5bfc870}> (0x00000000d5bfc870) 
thrown [s\src\hotspot\share\runtime\sharedRuntime.cpp, line 625]
Event: 11606.658 Thread 0x000001f04ce2ded0 Implicit null exception at 0x000001f06f4b591b to 0x000001f06f4b5ed5
Event: 11606.659 Thread 0x000001f04ce2ded0 Exception <a 'java/lang/NullPointerException'{0x00000000d5df6158}> (0x00000000d5df6158) 
thrown [s\src\hotspot\share\runtime\sharedRuntime.cpp, line 625]
Event: 11606.659 Thread 0x000001f04ce2ded0 Implicit null exception at 0x000001f06f4b591b to 0x000001f06f4b5ed5
Event: 11606.659 Thread 0x000001f04ce2ded0 Exception <a 'java/lang/NullPointerException'{0x00000000d5df6a48}> (0x00000000d5df6a48) 
thrown [s\src\hotspot\share\runtime\sharedRuntime.cpp, line 625]
Event: 11606.659 Thread 0x000001f04ce2ded0 Implicit null exception at 0x000001f06f4b591b to 0x000001f06f4b5ed5
Event: 11606.659 Thread 0x000001f04ce2ded0 Exception <a 'java/lang/NullPointerException'{0x00000000d5df8668}> (0x00000000d5df8668) 
thrown [s\src\hotspot\share\runtime\sharedRuntime.cpp, line 625]
Event: 11606.694 Thread 0x000001f04ce2ded0 Implicit null exception at 0x000001f06f4b591b to 0x000001f06f4b5ed5
Event: 11606.695 Thread 0x000001f04ce2ded0 Exception <a 'java/lang/NullPointerException'{0x00000000d603f630}> (0x00000000d603f630) 
thrown [s\src\hotspot\share\runtime\sharedRuntime.cpp, line 625]
Event: 11606.695 Thread 0x000001f04ce2ded0 Implicit null exception at 0x000001f06f4b591b to 0x000001f06f4b5ed5
Event: 11606.695 Thread 0x000001f04ce2ded0 Exception <a 'java/lang/NullPointerException'{0x00000000d603fcd0}> (0x00000000d603fcd0) 
thrown [s\src\hotspot\share\runtime\sharedRuntime.cpp, line 625]
Event: 11606.695 Thread 0x000001f04ce2ded0 Implicit null exception at 0x000001f06f4b591b to 0x000001f06f4b5ed5
Event: 11606.695 Thread 0x000001f04ce2ded0 Exception <a 'java/lang/NullPointerException'{0x00000000d6041b88}> (0x00000000d6041b88) 
thrown [s\src\hotspot\share\runtime\sharedRuntime.cpp, line 625]
Event: 11856.341 Thread 0x000001f04ce2ebf0 Implicit null exception at 0x000001f06f4b591b to 0x000001f06f4b5ed5
Event: 11856.343 Thread 0x000001f04ce2ebf0 Exception <a 'java/lang/NullPointerException'{0x00000000d559ece0}> (0x00000000d559ece0) 
thrown [s\src\hotspot\share\runtime\sharedRuntime.cpp, line 625]
Event: 11856.352 Thread 0x000001f04ce2ebf0 Implicit null exception at 0x000001f06f4b591b to 0x000001f06f4b5ed5
Event: 11856.352 Thread 0x000001f04ce2ebf0 Exception <a 'java/lang/NullPointerException'{0x00000000d55a2c20}> (0x00000000d55a2c20) 
thrown [s\src\hotspot\share\runtime\sharedRuntime.cpp, line 625]
Event: 11856.353 Thread 0x000001f04ce2ebf0 Implicit null exception at 0x000001f06f4b591b to 0x000001f06f4b5ed5
Event: 11856.353 Thread 0x000001f04ce2ebf0 Exception <a 'java/lang/NullPointerException'{0x00000000d55a4648}> (0x00000000d55a4648) 
thrown [s\src\hotspot\share\runtime\sharedRuntime.cpp, line 625]
Event: 11913.988 Thread 0x000001f04d277270 Implicit null exception at 0x000001f075f66f52 to 0x000001f075f67ad0

ZGC Phase Switch (0 events):
No events

VM Operations (20 events):
Event: 17317.920 Executing VM operation: HandshakeAllThreads (HandshakeForDeflation)
Event: 17317.923 Executing VM operation: HandshakeAllThreads (HandshakeForDeflation) done
Event: 17317.923 Executing VM operation: RendezvousGCThreads
Event: 17317.924 Executing VM operation: RendezvousGCThreads done
Event: 17378.107 Executing VM operation: HandshakeAllThreads (HandshakeForDeflation)
Event: 17378.111 Executing VM operation: HandshakeAllThreads (HandshakeForDeflation) done
Event: 17378.111 Executing VM operation: RendezvousGCThreads
Event: 17378.112 Executing VM operation: RendezvousGCThreads done
Event: 17438.196 Executing VM operation: HandshakeAllThreads (HandshakeForDeflation)
Event: 17438.199 Executing VM operation: HandshakeAllThreads (HandshakeForDeflation) done
Event: 17438.199 Executing VM operation: RendezvousGCThreads
Event: 17438.199 Executing VM operation: RendezvousGCThreads done
Event: 17498.436 Executing VM operation: HandshakeAllThreads (HandshakeForDeflation)
Event: 17498.439 Executing VM operation: HandshakeAllThreads (HandshakeForDeflation) done
Event: 17498.439 Executing VM operation: RendezvousGCThreads
Event: 17498.440 Executing VM operation: RendezvousGCThreads done
Event: 17558.666 Executing VM operation: HandshakeAllThreads (HandshakeForDeflation)
Event: 17558.669 Executing VM operation: HandshakeAllThreads (HandshakeForDeflation) done
Event: 17558.669 Executing VM operation: RendezvousGCThreads
Event: 17558.670 Executing VM operation: RendezvousGCThreads done

Memory protections (0 events):
No events

Nmethod flushes (20 events):
Event: 10.158 Thread 0x000001f06ac367d0 flushing osr nmethod 0x000001f06e774d90
Event: 10.158 Thread 0x000001f06ac367d0 flushing  nmethod 0x000001f06e787f10
Event: 10.158 Thread 0x000001f06ac367d0 flushing  nmethod 0x000001f06e792590
Event: 10.158 Thread 0x000001f06ac367d0 flushing  nmethod 0x000001f06e793e10
Event: 10.158 Thread 0x000001f06ac367d0 flushing  nmethod 0x000001f06e796b90
Event: 10.158 Thread 0x000001f06ac367d0 flushing  nmethod 0x000001f06e79a090
Event: 10.158 Thread 0x000001f06ac367d0 flushing  nmethod 0x000001f06e7a1c10
Event: 10.158 Thread 0x000001f06ac367d0 flushing  nmethod 0x000001f06e7a8490
Event: 10.158 Thread 0x000001f06ac367d0 flushing  nmethod 0x000001f06e7a9b10
Event: 10.158 Thread 0x000001f06ac367d0 flushing  nmethod 0x000001f06e7ced10
Event: 10.158 Thread 0x000001f06ac367d0 flushing  nmethod 0x000001f06e7d9c10
Event: 10.158 Thread 0x000001f06ac367d0 flushing  nmethod 0x000001f06e7da210
Event: 10.158 Thread 0x000001f06ac367d0 flushing  nmethod 0x000001f06e7db190
Event: 10.158 Thread 0x000001f06ac367d0 flushing  nmethod 0x000001f06e7dba10
Event: 10.158 Thread 0x000001f06ac367d0 flushing  nmethod 0x000001f06e7df710
Event: 10.158 Thread 0x000001f06ac367d0 flushing  nmethod 0x000001f06e7ebe10
Event: 10.158 Thread 0x000001f06ac367d0 flushing  nmethod 0x000001f06e7f0e10
Event: 10.158 Thread 0x000001f06ac367d0 flushing  nmethod 0x000001f06e82c390
Event: 10.158 Thread 0x000001f06ac367d0 flushing  nmethod 0x000001f06e84ce10
Event: 10.158 Thread 0x000001f06ac367d0 flushing  nmethod 0x000001f06e851610

Events (20 events):
Event: 11905.318 Thread 0x000001f04ce347d0 Thread exited: 0x000001f04ce347d0
Event: 11905.497 Thread 0x000001f04a3ab8f0 Thread added: 0x000001f04ce2ded0
Event: 11914.265 Thread 0x000001f07e921ef0 Thread added: 0x000001f04d78b880
Event: 11914.265 Thread 0x000001f07e921ef0 Thread added: 0x000001f04d78c620
Event: 11917.212 Thread 0x000001f04ce2ebf0 Thread exited: 0x000001f04ce2ebf0
Event: 11919.286 Thread 0x000001f04d78c620 Thread exited: 0x000001f04d78c620
Event: 11924.295 Thread 0x000001f04d78b880 Thread exited: 0x000001f04d78b880
Event: 11977.223 Thread 0x000001f04ce31350 Thread exited: 0x000001f04ce31350
Event: 12037.226 Thread 0x000001f04ce30630 Thread exited: 0x000001f04ce30630
Event: 12065.303 Thread 0x000001f04a3aabd0 Thread exited: 0x000001f04a3aabd0
Event: 12097.242 Thread 0x000001f04ce2e560 Thread exited: 0x000001f04ce2e560
Event: 12157.260 Thread 0x000001f04ce30cc0 Thread exited: 0x000001f04ce30cc0
Event: 12214.314 Thread 0x000001f04ce2ded0 Thread added: 0x000001f04ce2ffa0
Event: 12214.324 Thread 0x000001f04ce2ffa0 Thread exited: 0x000001f04ce2ffa0
Event: 12214.343 Thread 0x000001f04ce2ded0 Thread added: 0x000001f04ce31350
Event: 12214.345 Thread 0x000001f04ce31350 Thread added: 0x000001f04ce30cc0
Event: 12214.345 Thread 0x000001f04ce31350 Thread added: 0x000001f04ce2ffa0
Event: 12214.347 Thread 0x000001f04ce31350 Thread exited: 0x000001f04ce31350
Event: 12214.347 Thread 0x000001f04ce2ffa0 Thread exited: 0x000001f04ce2ffa0
Event: 12214.347 Thread 0x000001f04ce30cc0 Thread exited: 0x000001f04ce30cc0


Dynamic libraries:
0x00007ff65fbe0000 - 0x00007ff65fbee000 	c:\Users\lande\.vscode\extensions\redhat.java-1.50.0-win32-x64\jre\21.0.9-win32-x86_64\bin\java.exe
0x00007ff9df240000 - 0x00007ff9df4a7000 	C:\WINDOWS\SYSTEM32\ntdll.dll
0x00007ff9cf420000 - 0x00007ff9cf440000 	C:\Program Files\Avast Software\Avast\aswhook.dll
0x00007ff9de850000 - 0x00007ff9de919000 	C:\WINDOWS\System32\KERNEL32.DLL
0x00007ff9dc660000 - 0x00007ff9dca4f000 	C:\WINDOWS\System32\KERNELBASE.dll
0x00007ff9dc4e0000 - 0x00007ff9dc62b000 	C:\WINDOWS\System32\ucrtbase.dll
0x00007ff9c8390000 - 0x00007ff9c83ae000 	c:\Users\lande\.vscode\extensions\redhat.java-1.50.0-win32-x64\jre\21.0.9-win32-x86_64\bin\VCRUNTIME140.dll
0x00007ff9ca080000 - 0x00007ff9ca098000 	c:\Users\lande\.vscode\extensions\redhat.java-1.50.0-win32-x64\jre\21.0.9-win32-x86_64\bin\jli.dll
0x00007ff9dd9f0000 - 0x00007ff9ddbb5000 	C:\WINDOWS\System32\USER32.dll
0x00007ff9c96a0000 - 0x00007ff9c9933000 	C:\WINDOWS\WinSxS\amd64_microsoft.windows.common-controls_6595b64144ccf1df_6.0.26100.7309_none_3e05feeae336a044\COMCTL32.dll
0x00007ff9dc630000 - 0x00007ff9dc657000 	C:\WINDOWS\System32\win32u.dll
0x00007ff9ddc70000 - 0x00007ff9ddd19000 	C:\WINDOWS\System32\msvcrt.dll
0x00007ff9dd7b0000 - 0x00007ff9dd7db000 	C:\WINDOWS\System32\GDI32.dll
0x00007ff9dca60000 - 0x00007ff9dcb8c000 	C:\WINDOWS\System32\gdi32full.dll
0x00007ff9dcb90000 - 0x00007ff9dcc33000 	C:\WINDOWS\System32\msvcp_win.dll
0x00007ff9dd650000 - 0x00007ff9dd681000 	C:\WINDOWS\System32\IMM32.DLL
0x00007ff9c8380000 - 0x00007ff9c838c000 	c:\Users\lande\.vscode\extensions\redhat.java-1.50.0-win32-x64\jre\21.0.9-win32-x86_64\bin\vcruntime140_1.dll
0x00007ff9c82f0000 - 0x00007ff9c837d000 	c:\Users\lande\.vscode\extensions\redhat.java-1.50.0-win32-x64\jre\21.0.9-win32-x86_64\bin\msvcp140.dll
0x00007ff8730b0000 - 0x00007ff873e50000 	c:\Users\lande\.vscode\extensions\redhat.java-1.50.0-win32-x64\jre\21.0.9-win32-x86_64\bin\server\jvm.dll
0x00007ff9ddd20000 - 0x00007ff9dddd4000 	C:\WINDOWS\System32\ADVAPI32.dll
0x00007ff9ddbc0000 - 0x00007ff9ddc66000 	C:\WINDOWS\System32\sechost.dll
0x00007ff9dd690000 - 0x00007ff9dd7a8000 	C:\WINDOWS\System32\RPCRT4.dll
0x00007ff9dd8a0000 - 0x00007ff9dd914000 	C:\WINDOWS\System32\WS2_32.dll
0x00007ff9dc1f0000 - 0x00007ff9dc24e000 	C:\WINDOWS\SYSTEM32\POWRPROF.dll
0x00007ff9d2a40000 - 0x00007ff9d2a75000 	C:\WINDOWS\SYSTEM32\WINMM.dll
0x00007ff9d4560000 - 0x00007ff9d456b000 	C:\WINDOWS\SYSTEM32\VERSION.dll
0x00007ff9dc1c0000 - 0x00007ff9dc1d4000 	C:\WINDOWS\SYSTEM32\UMPDC.dll
0x00007ff9db140000 - 0x00007ff9db15b000 	C:\WINDOWS\SYSTEM32\kernel.appcore.dll
0x00007ff9c82e0000 - 0x00007ff9c82ea000 	c:\Users\lande\.vscode\extensions\redhat.java-1.50.0-win32-x64\jre\21.0.9-win32-x86_64\bin\jimage.dll
0x00007ff9cf7a0000 - 0x00007ff9cf9e2000 	C:\WINDOWS\SYSTEM32\DBGHELP.DLL
0x00007ff9deb60000 - 0x00007ff9deee5000 	C:\WINDOWS\System32\combase.dll
0x00007ff9de920000 - 0x00007ff9de9f6000 	C:\WINDOWS\System32\OLEAUT32.dll
0x00007ff9cbf40000 - 0x00007ff9cbf7c000 	C:\WINDOWS\SYSTEM32\dbgcore.DLL
0x00007ff9dcdc0000 - 0x00007ff9dce65000 	C:\WINDOWS\System32\bcryptPrimitives.dll
0x00007ff9c82d0000 - 0x00007ff9c82df000 	c:\Users\lande\.vscode\extensions\redhat.java-1.50.0-win32-x64\jre\21.0.9-win32-x86_64\bin\instrument.dll
0x00007ff9c82b0000 - 0x00007ff9c82d0000 	c:\Users\lande\.vscode\extensions\redhat.java-1.50.0-win32-x64\jre\21.0.9-win32-x86_64\bin\java.dll
0x00007ff9ddde0000 - 0x00007ff9de533000 	C:\WINDOWS\System32\SHELL32.dll
0x00007ff9dce70000 - 0x00007ff9dcfda000 	C:\WINDOWS\System32\wintypes.dll
0x00007ff9d9f60000 - 0x00007ff9da7be000 	C:\WINDOWS\SYSTEM32\windows.storage.dll
0x00007ff9de750000 - 0x00007ff9de845000 	C:\WINDOWS\System32\SHCORE.dll
0x00007ff9de540000 - 0x00007ff9de5a6000 	C:\WINDOWS\System32\shlwapi.dll
0x00007ff9dc2b0000 - 0x00007ff9dc2d9000 	C:\WINDOWS\SYSTEM32\profapi.dll
0x00007ff9c8290000 - 0x00007ff9c82a8000 	c:\Users\lande\.vscode\extensions\redhat.java-1.50.0-win32-x64\jre\21.0.9-win32-x86_64\bin\zip.dll
0x00007ff9c8280000 - 0x00007ff9c8290000 	C:\Users\lande\.vscode\extensions\redhat.java-1.50.0-win32-x64\jre\21.0.9-win32-x86_64\bin\net.dll
0x00007ff9d5bd0000 - 0x00007ff9d5cf8000 	C:\WINDOWS\SYSTEM32\WINHTTP.dll
0x00007ff9db6b0000 - 0x00007ff9db71b000 	C:\WINDOWS\system32\mswsock.dll
0x00007ff9c8260000 - 0x00007ff9c8276000 	C:\Users\lande\.vscode\extensions\redhat.java-1.50.0-win32-x64\jre\21.0.9-win32-x86_64\bin\nio.dll
0x00007ff9c8250000 - 0x00007ff9c8260000 	c:\Users\lande\.vscode\extensions\redhat.java-1.50.0-win32-x64\jre\21.0.9-win32-x86_64\bin\verify.dll
0x00007ff9777b0000 - 0x00007ff9777f4000 	C:\Users\lande\AppData\Roaming\Code\User\globalStorage\redhat.java\1.50.0\config_win\org.eclipse.equinox.launcher\org.eclipse.equinox.launcher.win32.win32.x86_64_1.2.1400.v20250801-0854\eclipse_11916.dll
0x00007ff9de5b0000 - 0x00007ff9de747000 	C:\WINDOWS\System32\ole32.dll
0x00007ff9db970000 - 0x00007ff9db98b000 	C:\WINDOWS\SYSTEM32\CRYPTSP.dll
0x00007ff9db0a0000 - 0x00007ff9db0da000 	C:\WINDOWS\system32\rsaenh.dll
0x00007ff9db760000 - 0x00007ff9db78b000 	C:\WINDOWS\SYSTEM32\USERENV.dll
0x00007ff9dc280000 - 0x00007ff9dc2aa000 	C:\WINDOWS\SYSTEM32\bcrypt.dll
0x00007ff9db990000 - 0x00007ff9db99c000 	C:\WINDOWS\SYSTEM32\CRYPTBASE.dll
0x00007ff9dabc0000 - 0x00007ff9dabf4000 	C:\WINDOWS\SYSTEM32\IPHLPAPI.DLL
0x00007ff9dea80000 - 0x00007ff9dea8a000 	C:\WINDOWS\System32\NSI.dll
0x00007ff970190000 - 0x00007ff9701d9000 	C:\Users\lande\AppData\Local\Temp\jna-102738906\jna14065966937668460166.dll
0x00007ff9dd9e0000 - 0x00007ff9dd9e8000 	C:\WINDOWS\System32\PSAPI.DLL
0x00007ff9d5e60000 - 0x00007ff9d5e7e000 	C:\WINDOWS\SYSTEM32\dhcpcsvc6.DLL
0x00007ff9d5e30000 - 0x00007ff9d5e53000 	C:\WINDOWS\SYSTEM32\dhcpcsvc.DLL

JVMTI agents:
c:\Users\lande\.vscode\extensions\redhat.java-1.50.0-win32-x64\lombok\lombok-1.18.39-4050.jar path:c:\Users\lande\.vscode\extensions\redhat.java-1.50.0-win32-x64\jre\21.0.9-win32-x86_64\bin\instrument.dll, loaded, initialized, instrumentlib options:none

dbghelp: loaded successfully - version: 4.0.5 - missing functions: none
symbol engine: initialized successfully - sym options: 0x614 - pdb path: .;c:\Users\lande\.vscode\extensions\redhat.java-1.50.0-win32-x64\jre\21.0.9-win32-x86_64\bin;C:\WINDOWS\SYSTEM32;C:\Program Files\Avast Software\Avast;C:\WINDOWS\WinSxS\amd64_microsoft.windows.common-controls_6595b64144ccf1df_6.0.26100.7309_none_3e05feeae336a044;c:\Users\lande\.vscode\extensions\redhat.java-1.50.0-win32-x64\jre\21.0.9-win32-x86_64\bin\server;C:\Users\lande\AppData\Roaming\Code\User\globalStorage\redhat.java\1.50.0\config_win\org.eclipse.equinox.launcher\org.eclipse.equinox.launcher.win32.win32.x86_64_1.2.1400.v20250801-0854;C:\Users\lande\AppData\Local\Temp\jna-102738906

VM Arguments:
jvm_args: --add-modules=ALL-SYSTEM --add-opens=java.base/java.util=ALL-UNNAMED --add-opens=java.base/java.lang=ALL-UNNAMED --add-opens=java.base/sun.nio.fs=ALL-UNNAMED -Declipse.application=org.eclipse.jdt.ls.core.id1 -Dosgi.bundles.defaultStartLevel=4 -Declipse.product=org.eclipse.jdt.ls.core.product -Djava.import.generatesMetadataFilesAtProjectRoot=false -DDetectVMInstallationsJob.disabled=true -Dfile.encoding=utf8 -XX:+UseParallelGC -XX:GCTimeRatio=4 -XX:AdaptiveSizePolicyWeight=90 -Dsun.zip.disableMemoryMapping=true -Xmx2G -Xms100m -Xlog:disable -javaagent:c:\Users\lande\.vscode\extensions\redhat.java-1.50.0-win32-x64\lombok\lombok-1.18.39-4050.jar -XX:+HeapDumpOnOutOfMemoryError -XX:HeapDumpPath=c:\Users\lande\AppData\Roaming\Code\User\workspaceStorage\d4339992cc787f1ed71e84a01fed196d\redhat.java -Daether.dependencyCollector.impl=bf 
java_command: c:\Users\lande\.vscode\extensions\redhat.java-1.50.0-win32-x64\server\plugins\org.eclipse.equinox.launcher_1.7.100.v20251111-0406.jar -configuration c:\Users\lande\AppData\Roaming\Code\User\globalStorage\redhat.java\1.50.0\config_win -data c:\Users\lande\AppData\Roaming\Code\User\workspaceStorage\d4339992cc787f1ed71e84a01fed196d\redhat.java\jdt_ws --pipe=\\.\pipe\lsp-ce60c40b9af6846c3ef768b132af33f3-sock
java_class_path (initial): c:\Users\lande\.vscode\extensions\redhat.java-1.50.0-win32-x64\server\plugins\org.eclipse.equinox.launcher_1.7.100.v20251111-0406.jar
Launcher Type: SUN_STANDARD

[Global flags]
    uintx AdaptiveSizePolicyWeight                 = 90                                        {product} {command line}
     intx CICompilerCount                          = 12                                        {product} {ergonomic}
    uintx GCTimeRatio                              = 4                                         {product} {command line}
     bool HeapDumpOnOutOfMemoryError               = true                                   {manageable} {command line}
    ccstr HeapDumpPath                             = c:\Users\lande\AppData\Roaming\Code\User\workspaceStorage\d4339992cc787f1ed71e84a01fed196d\redhat.java         {manageable} {command line}
   size_t InitialHeapSize                          = 104857600                                 {product} {command line}
   size_t MaxHeapSize                              = 2147483648                                {product} {command line}
   size_t MaxNewSize                               = 715653120                                 {product} {ergonomic}
   size_t MinHeapDeltaBytes                        = 524288                                    {product} {ergonomic}
   size_t MinHeapSize                              = 104857600                                 {product} {command line}
   size_t NewSize                                  = 34603008                                  {product} {ergonomic}
    uintx NonNMethodCodeHeapSize                   = 7602480                                {pd product} {ergonomic}
    uintx NonProfiledCodeHeapSize                  = 122027880                              {pd product} {ergonomic}
   size_t OldSize                                  = 70254592                                  {product} {ergonomic}
    uintx ProfiledCodeHeapSize                     = 122027880                              {pd product} {ergonomic}
    uintx ReservedCodeCacheSize                    = 251658240                              {pd product} {ergonomic}
     bool SegmentedCodeCache                       = true                                      {product} {ergonomic}
   size_t SoftMaxHeapSize                          = 2147483648                             {manageable} {ergonomic}
     bool UseCompressedOops                        = true                           {product lp64_product} {ergonomic}
     bool UseLargePagesIndividualAllocation        = false                                  {pd product} {ergonomic}
     bool UseParallelGC                            = true                                      {product} {command line}

Logging:
Log output configuration:
 #0: stdout all=off uptime,level,tags foldmultilines=false
 #1: stderr all=off uptime,level,tags foldmultilines=false

Release file:
JAVA_VERSION="21.0.9" 
MODULES="java.base java.compiler java.datatransfer java.xml java.prefs java.desktop java.instrument java.logging java.management java.security.sasl java.naming java.rmi java.management.rmi java.net.http java.scripting java.security.jgss java.transaction.xa java.sql java.sql.rowset java.xml.crypto java.se java.smartcardio jdk.accessibility jdk.internal.jvmstat jdk.attach jdk.charsets jdk.internal.opt jdk.zipfs jdk.compiler jdk.crypto.ec jdk.crypto.cryptoki jdk.crypto.mscapi jdk.dynalink jdk.internal.ed jdk.editpad jdk.hotspot.agent jdk.httpserver jdk.internal.le jdk.internal.vm.ci jdk.internal.vm.compiler jdk.internal.vm.compiler.management jdk.jartool jdk.javadoc jdk.jcmd jdk.management jdk.management.agent jdk.jconsole jdk.jdeps jdk.jdwp.agent jdk.jdi jdk.jfr jdk.jshell jdk.jsobject jdk.jstatd jdk.localedata jdk.management.jfr jdk.naming.dns jdk.naming.rmi jdk.net jdk.nio.mapmode jdk.random jdk.sctp jdk.security.auth jdk.security.jgss jdk.unsupported jdk.unsupported.desktop jdk.xml.dom" 

Environment Variables:
JAVA_HOME=C:\Program Files\Java\jdk-22
PATH=C:\Program Files\Eclipse Adoptium\jdk-8.0.422.5-hotspot\bin;C:\Program Files\SqlCmd\;C:\Program Files\Microsoft MPI\Bin\;C:\Program Files\Common Files\Oracle\Java\javapath;C:\WINDOWS\system32;C:\WINDOWS;C:\WINDOWS\System32\Wbem;C:\WINDOWS\System32\WindowsPowerShell\v1.0\;C:\WINDOWS\System32\OpenSSH\;C:\Program Files (x86)\NVIDIA Corporation\PhysX\Common;C:\Program Files\Microsoft SQL Server\150\Tools\Binn\;C:\Program Files\Microsoft SQL Server\Client SDK\ODBC\170\Tools\Binn\;C:\Program Files\Git\cmd;C:\Users\lande\AppData\Local\Programs\Python\Python312;C:\Users\lande\AppData\Local\Programs\Python\Python312\Scripts;C:\ffmpeg;C:\Program Files\Java\jdk-22\bin;C:\Program Files\dotnet\;C:\Program Files (x86)\Microsoft SQL Server\160\DTS\Binn\;C:\Program Files (x86)\Microsoft SQL Server\160\Tools\Binn\;C:\Program Files\Microsoft SQL Server\160\Tools\Binn\;C:\Program Files\Microsoft SQL Server\160\DTS\Binn\;C:\msys64\mingw64\bin;C:\Program Files\NVIDIA Corporation\NVIDIA app\NvDLISR;C:\Program Files\Git LFS;C:\Users\lande\Downloads\apache-maven-3.9.9-bin\apache-maven-3.9.9\bin;C:\Program Files\Java\jdk-22\bin;C:\Program Files\GitHub CLI\;C:\Program Files\nodejs\;;C:\Program Files\Docker\Docker\resources\bin;C:\Users\lande\AppData\Local\Programs\Python\Launcher\;C:\Users\lande\AppData\Local\Microsoft\WindowsApps;D:\vsc\Microsoft VS Code\bin;C:\Users\lande\.dotnet\tools;C:\Users\lande\AppData\Local\Programs\MiKTeX\miktex\bin\x64\;C:\intelFPGA_lite\23.1std\questa_fse\win64;C:\Users\lande\AppData\Roaming\npm;
USERNAME=lande
OS=Windows_NT
PROCESSOR_IDENTIFIER=AMD64 Family 25 Model 80 Stepping 0, AuthenticAMD
TMP=C:\Users\lande\AppData\Local\Temp
TEMP=C:\Users\lande\AppData\Local\Temp




Periodic native trim disabled

---------------  S Y S T E M  ---------------

OS:
 Windows 11 , 64 bit Build 26100 (10.0.26100.7309)
OS uptime: 0 days 20:11 hours
Hyper-V role detected

CPU: total 16 (initial active 16) (16 cores per cpu, 2 threads per core) family 25 model 80 stepping 0 microcode 0xa500014, cx8, cmov, fxsr, ht, mmx, 3dnowpref, sse, sse2, sse3, ssse3, sse4a, sse4.1, sse4.2, popcnt, lzcnt, tsc, tscinvbit, avx, avx2, aes, erms, clmul, bmi1, bmi2, adx, sha, fma, vzeroupper, clflush, clflushopt, hv, rdtscp, rdpid, fsrm, f16c, cet_ss
Processor Information for processor 0
  Max Mhz: 3201, Current Mhz: 3201, Mhz Limit: 3201
Processor Information for processor 1
  Max Mhz: 3201, Current Mhz: 3201, Mhz Limit: 3201
Processor Information for processor 2
  Max Mhz: 3201, Current Mhz: 3201, Mhz Limit: 3201
Processor Information for processor 3
  Max Mhz: 3201, Current Mhz: 3201, Mhz Limit: 3201
Processor Information for processor 4
  Max Mhz: 3201, Current Mhz: 3201, Mhz Limit: 3201
Processor Information for processor 5
  Max Mhz: 3201, Current Mhz: 3201, Mhz Limit: 3201
Processor Information for processor 6
  Max Mhz: 3201, Current Mhz: 3201, Mhz Limit: 3201
Processor Information for processor 7
  Max Mhz: 3201, Current Mhz: 3174, Mhz Limit: 3201
Processor Information for processor 8
  Max Mhz: 3201, Current Mhz: 3201, Mhz Limit: 3201
Processor Information for processor 9
  Max Mhz: 3201, Current Mhz: 3174, Mhz Limit: 3201
Processor Information for processor 10
  Max Mhz: 3201, Current Mhz: 3174, Mhz Limit: 3201
Processor Information for processor 11
  Max Mhz: 3201, Current Mhz: 3201, Mhz Limit: 3201
Processor Information for processor 12
  Max Mhz: 3201, Current Mhz: 3201, Mhz Limit: 3201
Processor Information for processor 13
  Max Mhz: 3201, Current Mhz: 3201, Mhz Limit: 3201
Processor Information for processor 14
  Max Mhz: 3201, Current Mhz: 3201, Mhz Limit: 3201
Processor Information for processor 15
  Max Mhz: 3201, Current Mhz: 3201, Mhz Limit: 3201

Memory: 4k page, system-wide physical 7528M (8M free)
TotalPageFile size 31080M (AvailPageFile size 68M)
current process WorkingSet (physical memory assigned to process): 6M, peak: 303M
current process commit charge ("private bytes"): 381M, peak: 416M

vm_info: OpenJDK 64-Bit Server VM (21.0.9+10-LTS) for windows-amd64 JRE (21.0.9+10-LTS), built on 2025-10-21T00:00:00Z by "admin" with unknown MS VC++:1942

END.
